[2024-02-22T14:03:11.416-0700][gc,init] CardTable entry size: 512
[2024-02-22T14:03:11.416-0700][gc     ] Using G1
[2024-02-22T14:03:11.417-0700][gc,init] Version: 20.0.2.1+10-FR (release)
[2024-02-22T14:03:11.417-0700][gc,init] CPUs: 8 total, 8 available
[2024-02-22T14:03:11.417-0700][gc,init] Memory: 16384M
[2024-02-22T14:03:11.417-0700][gc,init] Large Page Support: Disabled
[2024-02-22T14:03:11.417-0700][gc,init] NUMA Support: Disabled
[2024-02-22T14:03:11.417-0700][gc,init] Compressed Oops: Enabled (Zero based)
[2024-02-22T14:03:11.417-0700][gc,init] Heap Region Size: 1M
[2024-02-22T14:03:11.417-0700][gc,init] Heap Min Capacity: 1G
[2024-02-22T14:03:11.417-0700][gc,init] Heap Initial Capacity: 1G
[2024-02-22T14:03:11.417-0700][gc,init] Heap Max Capacity: 1G
[2024-02-22T14:03:11.417-0700][gc,init] Pre-touch: Disabled
[2024-02-22T14:03:11.417-0700][gc,init] Parallel Workers: 8
[2024-02-22T14:03:11.417-0700][gc,init] Concurrent Workers: 2
[2024-02-22T14:03:11.417-0700][gc,init] Concurrent Refinement Workers: 8
[2024-02-22T14:03:11.417-0700][gc,init] Periodic GC: Disabled
[2024-02-22T14:03:11.421-0700][gc,metaspace] CDS archive(s) mapped at: [0x0000007000000000-0x0000007000c74000-0x0000007000c74000), size 13058048, SharedBaseAddress: 0x0000007000000000, ArchiveRelocationMode: 1.
[2024-02-22T14:03:11.421-0700][gc,metaspace] Compressed class space mapped at: 0x0000007001000000-0x0000007041000000, reserved size: 1073741824
[2024-02-22T14:03:11.421-0700][gc,metaspace] Narrow klass base: 0x0000007000000000, Narrow klass shift: 0, Narrow klass range: 0x100000000
[2024-02-22T14:03:12.416-0700][gc,start    ] GC(0) Pause Young (Normal) (G1 Evacuation Pause)
[2024-02-22T14:03:12.416-0700][gc,task     ] GC(0) Using 8 workers of 8 for evacuation
[2024-02-22T14:03:12.420-0700][gc,phases   ] GC(0)   Pre Evacuate Collection Set: 0.4ms
[2024-02-22T14:03:12.420-0700][gc,phases   ] GC(0)   Merge Heap Roots: 0.0ms
[2024-02-22T14:03:12.420-0700][gc,phases   ] GC(0)   Evacuate Collection Set: 3.4ms
[2024-02-22T14:03:12.420-0700][gc,phases   ] GC(0)   Post Evacuate Collection Set: 0.2ms
[2024-02-22T14:03:12.420-0700][gc,phases   ] GC(0)   Other: 0.2ms
[2024-02-22T14:03:12.420-0700][gc,heap     ] GC(0) Eden regions: 51->0(44)
[2024-02-22T14:03:12.420-0700][gc,heap     ] GC(0) Survivor regions: 0->7(7)
[2024-02-22T14:03:12.420-0700][gc,heap     ] GC(0) Old regions: 0->1
[2024-02-22T14:03:12.420-0700][gc,heap     ] GC(0) Archive regions: 2->2
[2024-02-22T14:03:12.420-0700][gc,heap     ] GC(0) Humongous regions: 0->0
[2024-02-22T14:03:12.420-0700][gc,metaspace] GC(0) Metaspace: 18400K(18624K)->18400K(18624K) NonClass: 16095K(16192K)->16095K(16192K) Class: 2304K(2432K)->2304K(2432K)
[2024-02-22T14:03:12.420-0700][gc          ] GC(0) Pause Young (Normal) (G1 Evacuation Pause) 51M->8M(1024M) 4.418ms
[2024-02-22T14:03:12.420-0700][gc,cpu      ] GC(0) User=0.01s Sys=0.01s Real=0.01s
[2024-02-22T14:03:12.537-0700][gc,start    ] GC(1) Pause Young (Concurrent Start) (Metadata GC Threshold)
[2024-02-22T14:03:12.537-0700][gc,task     ] GC(1) Using 8 workers of 8 for evacuation
[2024-02-22T14:03:12.539-0700][gc,phases   ] GC(1)   Pre Evacuate Collection Set: 0.2ms
[2024-02-22T14:03:12.539-0700][gc,phases   ] GC(1)   Merge Heap Roots: 0.1ms
[2024-02-22T14:03:12.539-0700][gc,phases   ] GC(1)   Evacuate Collection Set: 1.6ms
[2024-02-22T14:03:12.539-0700][gc,phases   ] GC(1)   Post Evacuate Collection Set: 0.2ms
[2024-02-22T14:03:12.539-0700][gc,phases   ] GC(1)   Other: 0.0ms
[2024-02-22T14:03:12.539-0700][gc,heap     ] GC(1) Eden regions: 11->0(49)
[2024-02-22T14:03:12.539-0700][gc,heap     ] GC(1) Survivor regions: 7->2(7)
[2024-02-22T14:03:12.539-0700][gc,heap     ] GC(1) Old regions: 1->8
[2024-02-22T14:03:12.540-0700][gc,heap     ] GC(1) Archive regions: 2->2
[2024-02-22T14:03:12.540-0700][gc,heap     ] GC(1) Humongous regions: 0->0
[2024-02-22T14:03:12.540-0700][gc,metaspace] GC(1) Metaspace: 21347K(21504K)->21347K(21504K) NonClass: 18601K(18688K)->18601K(18688K) Class: 2746K(2816K)->2746K(2816K)
[2024-02-22T14:03:12.540-0700][gc          ] GC(1) Pause Young (Concurrent Start) (Metadata GC Threshold) 19M->9M(1024M) 2.217ms
[2024-02-22T14:03:12.540-0700][gc,cpu      ] GC(1) User=0.01s Sys=0.00s Real=0.01s
[2024-02-22T14:03:12.540-0700][gc          ] GC(2) Concurrent Mark Cycle
[2024-02-22T14:03:12.540-0700][gc,marking  ] GC(2) Concurrent Scan Root Regions
[2024-02-22T14:03:12.541-0700][gc,marking  ] GC(2) Concurrent Scan Root Regions 1.027ms
[2024-02-22T14:03:12.541-0700][gc,marking  ] GC(2) Concurrent Mark
[2024-02-22T14:03:12.541-0700][gc,marking  ] GC(2) Concurrent Mark From Roots
[2024-02-22T14:03:12.541-0700][gc,task     ] GC(2) Using 2 workers of 2 for marking
[2024-02-22T14:03:12.541-0700][gc,marking  ] GC(2) Concurrent Mark From Roots 0.486ms
[2024-02-22T14:03:12.541-0700][gc,marking  ] GC(2) Concurrent Preclean
[2024-02-22T14:03:12.541-0700][gc,marking  ] GC(2) Concurrent Preclean 0.006ms
[2024-02-22T14:03:12.541-0700][gc,start    ] GC(2) Pause Remark
[2024-02-22T14:03:12.542-0700][gc          ] GC(2) Pause Remark 10M->10M(1024M) 1.048ms
[2024-02-22T14:03:12.542-0700][gc,cpu      ] GC(2) User=0.00s Sys=0.00s Real=0.00s
[2024-02-22T14:03:12.542-0700][gc,marking  ] GC(2) Concurrent Mark 1.701ms
[2024-02-22T14:03:12.542-0700][gc,marking  ] GC(2) Concurrent Rebuild Remembered Sets and Scrub Regions
[2024-02-22T14:03:12.544-0700][gc,marking  ] GC(2) Concurrent Rebuild Remembered Sets and Scrub Regions 1.439ms
[2024-02-22T14:03:12.544-0700][gc,start    ] GC(2) Pause Cleanup
[2024-02-22T14:03:12.544-0700][gc          ] GC(2) Pause Cleanup 10M->10M(1024M) 0.090ms
[2024-02-22T14:03:12.544-0700][gc,cpu      ] GC(2) User=0.01s Sys=0.00s Real=0.00s
[2024-02-22T14:03:12.544-0700][gc,marking  ] GC(2) Concurrent Clear Claimed Marks
[2024-02-22T14:03:12.544-0700][gc,marking  ] GC(2) Concurrent Clear Claimed Marks 0.019ms
[2024-02-22T14:03:12.544-0700][gc,marking  ] GC(2) Concurrent Cleanup for Next Mark
[2024-02-22T14:03:12.546-0700][gc,marking  ] GC(2) Concurrent Cleanup for Next Mark 1.610ms
[2024-02-22T14:03:12.546-0700][gc          ] GC(2) Concurrent Mark Cycle 6.159ms
[2024-02-22T14:03:13.322-0700][gc,start    ] GC(3) Pause Young (Normal) (G1 Evacuation Pause)
[2024-02-22T14:03:13.322-0700][gc,task     ] GC(3) Using 8 workers of 8 for evacuation
[2024-02-22T14:03:13.324-0700][gc,phases   ] GC(3)   Pre Evacuate Collection Set: 0.2ms
[2024-02-22T14:03:13.324-0700][gc,phases   ] GC(3)   Merge Heap Roots: 0.0ms
[2024-02-22T14:03:13.324-0700][gc,phases   ] GC(3)   Evacuate Collection Set: 1.8ms
[2024-02-22T14:03:13.324-0700][gc,phases   ] GC(3)   Post Evacuate Collection Set: 0.2ms
[2024-02-22T14:03:13.324-0700][gc,phases   ] GC(3)   Other: 0.0ms
[2024-02-22T14:03:13.324-0700][gc,heap     ] GC(3) Eden regions: 49->0(45)
[2024-02-22T14:03:13.324-0700][gc,heap     ] GC(3) Survivor regions: 2->6(7)
[2024-02-22T14:03:13.324-0700][gc,heap     ] GC(3) Old regions: 8->8
[2024-02-22T14:03:13.324-0700][gc,heap     ] GC(3) Archive regions: 2->2
[2024-02-22T14:03:13.324-0700][gc,heap     ] GC(3) Humongous regions: 129->129
[2024-02-22T14:03:13.324-0700][gc,metaspace] GC(3) Metaspace: 30838K(31104K)->30838K(31104K) NonClass: 27108K(27264K)->27108K(27264K) Class: 3730K(3840K)->3730K(3840K)
[2024-02-22T14:03:13.324-0700][gc          ] GC(3) Pause Young (Normal) (G1 Evacuation Pause) 187M->143M(1024M) 2.425ms
[2024-02-22T14:03:13.324-0700][gc,cpu      ] GC(3) User=0.02s Sys=0.00s Real=0.00s
[2024-02-22T14:03:13.574-0700][gc,start    ] GC(4) Pause Young (Concurrent Start) (Metadata GC Threshold)
[2024-02-22T14:03:13.574-0700][gc,task     ] GC(4) Using 8 workers of 8 for evacuation
[2024-02-22T14:03:13.578-0700][gc,phases   ] GC(4)   Pre Evacuate Collection Set: 0.1ms
[2024-02-22T14:03:13.578-0700][gc,phases   ] GC(4)   Merge Heap Roots: 0.5ms
[2024-02-22T14:03:13.578-0700][gc,phases   ] GC(4)   Evacuate Collection Set: 2.1ms
[2024-02-22T14:03:13.578-0700][gc,phases   ] GC(4)   Post Evacuate Collection Set: 0.6ms
[2024-02-22T14:03:13.578-0700][gc,phases   ] GC(4)   Other: 0.1ms
[2024-02-22T14:03:13.578-0700][gc,heap     ] GC(4) Eden regions: 20->0(49)
[2024-02-22T14:03:13.578-0700][gc,heap     ] GC(4) Survivor regions: 6->2(7)
[2024-02-22T14:03:13.578-0700][gc,heap     ] GC(4) Old regions: 8->14
[2024-02-22T14:03:13.578-0700][gc,heap     ] GC(4) Archive regions: 2->2
[2024-02-22T14:03:13.578-0700][gc,heap     ] GC(4) Humongous regions: 129->129
[2024-02-22T14:03:13.578-0700][gc,metaspace] GC(4) Metaspace: 35640K(35968K)->35640K(35968K) NonClass: 31455K(31680K)->31455K(31680K) Class: 4185K(4288K)->4185K(4288K)
[2024-02-22T14:03:13.578-0700][gc          ] GC(4) Pause Young (Concurrent Start) (Metadata GC Threshold) 163M->144M(1024M) 3.832ms
[2024-02-22T14:03:13.578-0700][gc,cpu      ] GC(4) User=0.01s Sys=0.00s Real=0.00s
[2024-02-22T14:03:13.578-0700][gc          ] GC(5) Concurrent Mark Cycle
[2024-02-22T14:03:13.578-0700][gc,marking  ] GC(5) Concurrent Scan Root Regions
[2024-02-22T14:03:13.580-0700][gc,marking  ] GC(5) Concurrent Scan Root Regions 2.266ms
[2024-02-22T14:03:13.580-0700][gc,marking  ] GC(5) Concurrent Mark
[2024-02-22T14:03:13.580-0700][gc,marking  ] GC(5) Concurrent Mark From Roots
[2024-02-22T14:03:13.580-0700][gc,task     ] GC(5) Using 2 workers of 2 for marking
[2024-02-22T14:03:13.605-0700][gc,marking  ] GC(5) Concurrent Mark From Roots 24.682ms
[2024-02-22T14:03:13.605-0700][gc,marking  ] GC(5) Concurrent Preclean
[2024-02-22T14:03:13.605-0700][gc,marking  ] GC(5) Concurrent Preclean 0.063ms
[2024-02-22T14:03:13.609-0700][gc,start    ] GC(5) Pause Remark
[2024-02-22T14:03:13.611-0700][gc          ] GC(5) Pause Remark 144M->144M(1024M) 1.803ms
[2024-02-22T14:03:13.611-0700][gc,cpu      ] GC(5) User=0.00s Sys=0.00s Real=0.01s
[2024-02-22T14:03:13.621-0700][gc,marking  ] GC(5) Concurrent Mark 40.504ms
[2024-02-22T14:03:13.621-0700][gc,marking  ] GC(5) Concurrent Rebuild Remembered Sets and Scrub Regions
[2024-02-22T14:03:13.626-0700][gc,marking  ] GC(5) Concurrent Rebuild Remembered Sets and Scrub Regions 4.964ms
[2024-02-22T14:03:13.626-0700][gc,start    ] GC(5) Pause Cleanup
[2024-02-22T14:03:13.626-0700][gc          ] GC(5) Pause Cleanup 145M->145M(1024M) 0.071ms
[2024-02-22T14:03:13.626-0700][gc,cpu      ] GC(5) User=0.00s Sys=0.00s Real=0.00s
[2024-02-22T14:03:13.627-0700][gc,marking  ] GC(5) Concurrent Clear Claimed Marks
[2024-02-22T14:03:13.627-0700][gc,marking  ] GC(5) Concurrent Clear Claimed Marks 0.022ms
[2024-02-22T14:03:13.627-0700][gc,marking  ] GC(5) Concurrent Cleanup for Next Mark
[2024-02-22T14:03:13.629-0700][gc,marking  ] GC(5) Concurrent Cleanup for Next Mark 2.420ms
[2024-02-22T14:03:13.629-0700][gc          ] GC(5) Concurrent Mark Cycle 51.119ms
[2024-02-22T14:06:40.262-0700][gc,start    ] GC(6) Pause Young (Prepare Mixed) (G1 Evacuation Pause)
[2024-02-22T14:06:40.263-0700][gc,task     ] GC(6) Using 8 workers of 8 for evacuation
[2024-02-22T14:06:40.282-0700][gc,phases   ] GC(6)   Pre Evacuate Collection Set: 0.7ms
[2024-02-22T14:06:40.282-0700][gc,phases   ] GC(6)   Merge Heap Roots: 0.1ms
[2024-02-22T14:06:40.282-0700][gc,phases   ] GC(6)   Evacuate Collection Set: 18.2ms
[2024-02-22T14:06:40.282-0700][gc,phases   ] GC(6)   Post Evacuate Collection Set: 0.4ms
[2024-02-22T14:06:40.282-0700][gc,phases   ] GC(6)   Other: 0.1ms
[2024-02-22T14:06:40.282-0700][gc,heap     ] GC(6) Eden regions: 49->0(45)
[2024-02-22T14:06:40.282-0700][gc,heap     ] GC(6) Survivor regions: 2->6(7)
[2024-02-22T14:06:40.282-0700][gc,heap     ] GC(6) Old regions: 14->14
[2024-02-22T14:06:40.282-0700][gc,heap     ] GC(6) Archive regions: 2->2
[2024-02-22T14:06:40.282-0700][gc,heap     ] GC(6) Humongous regions: 153->129
[2024-02-22T14:06:40.282-0700][gc,metaspace] GC(6) Metaspace: 42602K(43264K)->42602K(43264K) NonClass: 37263K(37632K)->37263K(37632K) Class: 5339K(5632K)->5339K(5632K)
[2024-02-22T14:06:40.282-0700][gc          ] GC(6) Pause Young (Prepare Mixed) (G1 Evacuation Pause) 217M->148M(1024M) 19.729ms
[2024-02-22T14:06:40.282-0700][gc,cpu      ] GC(6) User=0.02s Sys=0.07s Real=0.02s
[2024-02-22T14:17:16.090-0700][gc,start    ] GC(7) Pause Young (Mixed) (G1 Evacuation Pause)
[2024-02-22T14:17:16.094-0700][gc,task     ] GC(7) Using 8 workers of 8 for evacuation
[2024-02-22T14:17:16.129-0700][gc,mmu      ] GC(7) MMU target violated: 21.0ms (20.0ms/21.0ms)
[2024-02-22T14:17:16.129-0700][gc,phases   ] GC(7)   Pre Evacuate Collection Set: 1.8ms
[2024-02-22T14:17:16.129-0700][gc,phases   ] GC(7)   Merge Heap Roots: 0.8ms
[2024-02-22T14:17:16.129-0700][gc,phases   ] GC(7)   Evacuate Collection Set: 31.4ms
[2024-02-22T14:17:16.129-0700][gc,phases   ] GC(7)   Post Evacuate Collection Set: 0.5ms
[2024-02-22T14:17:16.129-0700][gc,phases   ] GC(7)   Other: 0.5ms
[2024-02-22T14:17:16.129-0700][gc,heap     ] GC(7) Eden regions: 45->0(48)
[2024-02-22T14:17:16.129-0700][gc,heap     ] GC(7) Survivor regions: 6->3(7)
[2024-02-22T14:17:16.129-0700][gc,heap     ] GC(7) Old regions: 14->17
[2024-02-22T14:17:16.129-0700][gc,heap     ] GC(7) Archive regions: 2->2
[2024-02-22T14:17:16.129-0700][gc,heap     ] GC(7) Humongous regions: 129->129
[2024-02-22T14:17:16.129-0700][gc,metaspace] GC(7) Metaspace: 43715K(44352K)->43715K(44352K) NonClass: 38174K(38528K)->38174K(38528K) Class: 5541K(5824K)->5541K(5824K)
[2024-02-22T14:17:16.129-0700][gc          ] GC(7) Pause Young (Mixed) (G1 Evacuation Pause) 193M->149M(1024M) 39.266ms
[2024-02-22T14:17:16.129-0700][gc,cpu      ] GC(7) User=0.04s Sys=0.06s Real=0.03s
[2024-02-22T14:32:27.044-0700][gc,start    ] GC(8) Pause Young (Normal) (G1 Evacuation Pause)
[2024-02-22T14:32:27.051-0700][gc,task     ] GC(8) Using 8 workers of 8 for evacuation
[2024-02-22T14:32:27.083-0700][gc,mmu      ] GC(8) MMU target violated: 21.0ms (20.0ms/21.0ms)
[2024-02-22T14:32:27.083-0700][gc,phases   ] GC(8)   Pre Evacuate Collection Set: 8.8ms
[2024-02-22T14:32:27.083-0700][gc,phases   ] GC(8)   Merge Heap Roots: 0.7ms
[2024-02-22T14:32:27.083-0700][gc,phases   ] GC(8)   Evacuate Collection Set: 21.6ms
[2024-02-22T14:32:27.083-0700][gc,phases   ] GC(8)   Post Evacuate Collection Set: 0.5ms
[2024-02-22T14:32:27.083-0700][gc,phases   ] GC(8)   Other: 0.4ms
[2024-02-22T14:32:27.083-0700][gc,heap     ] GC(8) Eden regions: 48->0(45)
[2024-02-22T14:32:27.083-0700][gc,heap     ] GC(8) Survivor regions: 3->6(7)
[2024-02-22T14:32:27.083-0700][gc,heap     ] GC(8) Old regions: 17->17
[2024-02-22T14:32:27.083-0700][gc,heap     ] GC(8) Archive regions: 2->2
[2024-02-22T14:32:27.083-0700][gc,heap     ] GC(8) Humongous regions: 129->129
[2024-02-22T14:32:27.083-0700][gc,metaspace] GC(8) Metaspace: 43817K(44480K)->43817K(44480K) NonClass: 38275K(38656K)->38275K(38656K) Class: 5541K(5824K)->5541K(5824K)
[2024-02-22T14:32:27.083-0700][gc          ] GC(8) Pause Young (Normal) (G1 Evacuation Pause) 197M->152M(1024M) 38.921ms
[2024-02-22T14:32:27.083-0700][gc,cpu      ] GC(8) User=0.04s Sys=0.04s Real=0.04s
[2024-02-22T14:47:12.346-0700][gc,start    ] GC(9) Pause Young (Normal) (G1 Evacuation Pause)
[2024-02-22T14:47:12.347-0700][gc,task     ] GC(9) Using 8 workers of 8 for evacuation
[2024-02-22T14:47:12.370-0700][gc,mmu      ] GC(9) MMU target violated: 21.0ms (20.0ms/21.0ms)
[2024-02-22T14:47:12.370-0700][gc,phases   ] GC(9)   Pre Evacuate Collection Set: 1.9ms
[2024-02-22T14:47:12.370-0700][gc,phases   ] GC(9)   Merge Heap Roots: 0.3ms
[2024-02-22T14:47:12.370-0700][gc,phases   ] GC(9)   Evacuate Collection Set: 20.4ms
[2024-02-22T14:47:12.370-0700][gc,phases   ] GC(9)   Post Evacuate Collection Set: 0.4ms
[2024-02-22T14:47:12.370-0700][gc,phases   ] GC(9)   Other: 0.3ms
[2024-02-22T14:47:12.370-0700][gc,heap     ] GC(9) Eden regions: 45->0(44)
[2024-02-22T14:47:12.370-0700][gc,heap     ] GC(9) Survivor regions: 6->7(7)
[2024-02-22T14:47:12.370-0700][gc,heap     ] GC(9) Old regions: 17->19
[2024-02-22T14:47:12.370-0700][gc,heap     ] GC(9) Archive regions: 2->2
[2024-02-22T14:47:12.370-0700][gc,heap     ] GC(9) Humongous regions: 129->129
[2024-02-22T14:47:12.370-0700][gc,metaspace] GC(9) Metaspace: 43913K(44608K)->43913K(44608K) NonClass: 38369K(38784K)->38369K(38784K) Class: 5544K(5824K)->5544K(5824K)
[2024-02-22T14:47:12.370-0700][gc          ] GC(9) Pause Young (Normal) (G1 Evacuation Pause) 197M->154M(1024M) 24.285ms
[2024-02-22T14:47:12.370-0700][gc,cpu      ] GC(9) User=0.03s Sys=0.03s Real=0.03s
[2024-02-22T14:54:00.012-0700][gc,start    ] GC(10) Pause Young (Normal) (G1 Evacuation Pause)
[2024-02-22T14:54:00.013-0700][gc,task     ] GC(10) Using 8 workers of 8 for evacuation
[2024-02-22T14:54:00.033-0700][gc,phases   ] GC(10)   Pre Evacuate Collection Set: 1.3ms
[2024-02-22T14:54:00.033-0700][gc,phases   ] GC(10)   Merge Heap Roots: 0.4ms
[2024-02-22T14:54:00.033-0700][gc,phases   ] GC(10)   Evacuate Collection Set: 17.6ms
[2024-02-22T14:54:00.033-0700][gc,phases   ] GC(10)   Post Evacuate Collection Set: 0.4ms
[2024-02-22T14:54:00.033-0700][gc,phases   ] GC(10)   Other: 0.3ms
[2024-02-22T14:54:00.033-0700][gc,heap     ] GC(10) Eden regions: 44->0(44)
[2024-02-22T14:54:00.033-0700][gc,heap     ] GC(10) Survivor regions: 7->7(7)
[2024-02-22T14:54:00.033-0700][gc,heap     ] GC(10) Old regions: 19->22
[2024-02-22T14:54:00.033-0700][gc,heap     ] GC(10) Archive regions: 2->2
[2024-02-22T14:54:00.033-0700][gc,heap     ] GC(10) Humongous regions: 129->129
[2024-02-22T14:54:00.033-0700][gc,metaspace] GC(10) Metaspace: 44559K(45312K)->44559K(45312K) NonClass: 38917K(39360K)->38917K(39360K) Class: 5641K(5952K)->5641K(5952K)
[2024-02-22T14:54:00.033-0700][gc          ] GC(10) Pause Young (Normal) (G1 Evacuation Pause) 198M->158M(1024M) 21.061ms
[2024-02-22T14:54:00.033-0700][gc,cpu      ] GC(10) User=0.03s Sys=0.04s Real=0.02s
[2024-02-22T15:00:29.044-0700][gc,start    ] GC(11) Pause Young (Normal) (G1 Evacuation Pause)
[2024-02-22T15:00:29.045-0700][gc,task     ] GC(11) Using 8 workers of 8 for evacuation
[2024-02-22T15:00:29.063-0700][gc,phases   ] GC(11)   Pre Evacuate Collection Set: 1.1ms
[2024-02-22T15:00:29.063-0700][gc,phases   ] GC(11)   Merge Heap Roots: 0.3ms
[2024-02-22T15:00:29.063-0700][gc,phases   ] GC(11)   Evacuate Collection Set: 16.6ms
[2024-02-22T15:00:29.063-0700][gc,phases   ] GC(11)   Post Evacuate Collection Set: 0.4ms
[2024-02-22T15:00:29.063-0700][gc,phases   ] GC(11)   Other: 0.2ms
[2024-02-22T15:00:29.063-0700][gc,heap     ] GC(11) Eden regions: 44->0(47)
[2024-02-22T15:00:29.063-0700][gc,heap     ] GC(11) Survivor regions: 7->4(7)
[2024-02-22T15:00:29.063-0700][gc,heap     ] GC(11) Old regions: 22->27
[2024-02-22T15:00:29.063-0700][gc,heap     ] GC(11) Archive regions: 2->2
[2024-02-22T15:00:29.063-0700][gc,heap     ] GC(11) Humongous regions: 129->129
[2024-02-22T15:00:29.063-0700][gc,metaspace] GC(11) Metaspace: 44651K(45376K)->44651K(45376K) NonClass: 39010K(39424K)->39010K(39424K) Class: 5641K(5952K)->5641K(5952K)
[2024-02-22T15:00:29.063-0700][gc          ] GC(11) Pause Young (Normal) (G1 Evacuation Pause) 202M->159M(1024M) 19.357ms
[2024-02-22T15:00:29.063-0700][gc,cpu      ] GC(11) User=0.03s Sys=0.02s Real=0.02s
[2024-02-22T15:07:08.847-0700][gc,start    ] GC(12) Pause Young (Normal) (G1 Evacuation Pause)
[2024-02-22T15:07:08.849-0700][gc,task     ] GC(12) Using 8 workers of 8 for evacuation
[2024-02-22T15:07:08.876-0700][gc,mmu      ] GC(12) MMU target violated: 21.0ms (20.0ms/21.0ms)
[2024-02-22T15:07:08.876-0700][gc,phases   ] GC(12)   Pre Evacuate Collection Set: 2.2ms
[2024-02-22T15:07:08.876-0700][gc,phases   ] GC(12)   Merge Heap Roots: 0.4ms
[2024-02-22T15:07:08.876-0700][gc,phases   ] GC(12)   Evacuate Collection Set: 22.0ms
[2024-02-22T15:07:08.876-0700][gc,phases   ] GC(12)   Post Evacuate Collection Set: 0.3ms
[2024-02-22T15:07:08.876-0700][gc,phases   ] GC(12)   Other: 3.0ms
[2024-02-22T15:07:08.876-0700][gc,heap     ] GC(12) Eden regions: 47->0(44)
[2024-02-22T15:07:08.876-0700][gc,heap     ] GC(12) Survivor regions: 4->7(7)
[2024-02-22T15:07:08.876-0700][gc,heap     ] GC(12) Old regions: 27->28
[2024-02-22T15:07:08.876-0700][gc,heap     ] GC(12) Archive regions: 2->2
[2024-02-22T15:07:08.876-0700][gc,heap     ] GC(12) Humongous regions: 129->129
[2024-02-22T15:07:08.876-0700][gc,metaspace] GC(12) Metaspace: 44761K(45504K)->44761K(45504K) NonClass: 39114K(39552K)->39114K(39552K) Class: 5646K(5952K)->5646K(5952K)
[2024-02-22T15:07:08.876-0700][gc          ] GC(12) Pause Young (Normal) (G1 Evacuation Pause) 206M->164M(1024M) 29.492ms
[2024-02-22T15:07:08.876-0700][gc,cpu      ] GC(12) User=0.03s Sys=0.04s Real=0.03s
[2024-02-22T15:14:31.214-0700][gc,start    ] GC(13) Pause Young (Normal) (G1 Evacuation Pause)
[2024-02-22T15:14:31.219-0700][gc,task     ] GC(13) Using 8 workers of 8 for evacuation
[2024-02-22T15:14:31.243-0700][gc,mmu      ] GC(13) MMU target violated: 21.0ms (20.0ms/21.0ms)
[2024-02-22T15:14:31.243-0700][gc,phases   ] GC(13)   Pre Evacuate Collection Set: 3.4ms
[2024-02-22T15:14:31.243-0700][gc,phases   ] GC(13)   Merge Heap Roots: 0.4ms
[2024-02-22T15:14:31.243-0700][gc,phases   ] GC(13)   Evacuate Collection Set: 19.6ms
[2024-02-22T15:14:31.243-0700][gc,phases   ] GC(13)   Post Evacuate Collection Set: 0.5ms
[2024-02-22T15:14:31.243-0700][gc,phases   ] GC(13)   Other: 2.2ms
[2024-02-22T15:14:31.243-0700][gc,heap     ] GC(13) Eden regions: 44->0(48)
[2024-02-22T15:14:31.243-0700][gc,heap     ] GC(13) Survivor regions: 7->3(7)
[2024-02-22T15:14:31.243-0700][gc,heap     ] GC(13) Old regions: 28->33
[2024-02-22T15:14:31.243-0700][gc,heap     ] GC(13) Archive regions: 2->2
[2024-02-22T15:14:31.243-0700][gc,heap     ] GC(13) Humongous regions: 129->129
[2024-02-22T15:14:31.243-0700][gc,metaspace] GC(13) Metaspace: 44853K(45568K)->44853K(45568K) NonClass: 39204K(39616K)->39204K(39616K) Class: 5649K(5952K)->5649K(5952K)
[2024-02-22T15:14:31.243-0700][gc          ] GC(13) Pause Young (Normal) (G1 Evacuation Pause) 208M->165M(1024M) 29.206ms
[2024-02-22T15:14:31.243-0700][gc,cpu      ] GC(13) User=0.03s Sys=0.03s Real=0.03s
