[2024-02-22T13:18:05.718-0700][gc,init] CardTable entry size: 512
[2024-02-22T13:18:05.718-0700][gc     ] Using G1
[2024-02-22T13:18:05.719-0700][gc,init] Version: 20.0.2.1+10-FR (release)
[2024-02-22T13:18:05.719-0700][gc,init] CPUs: 8 total, 8 available
[2024-02-22T13:18:05.719-0700][gc,init] Memory: 16384M
[2024-02-22T13:18:05.719-0700][gc,init] Large Page Support: Disabled
[2024-02-22T13:18:05.719-0700][gc,init] NUMA Support: Disabled
[2024-02-22T13:18:05.719-0700][gc,init] Compressed Oops: Enabled (Zero based)
[2024-02-22T13:18:05.719-0700][gc,init] Heap Region Size: 1M
[2024-02-22T13:18:05.719-0700][gc,init] Heap Min Capacity: 1G
[2024-02-22T13:18:05.719-0700][gc,init] Heap Initial Capacity: 1G
[2024-02-22T13:18:05.719-0700][gc,init] Heap Max Capacity: 1G
[2024-02-22T13:18:05.719-0700][gc,init] Pre-touch: Disabled
[2024-02-22T13:18:05.719-0700][gc,init] Parallel Workers: 8
[2024-02-22T13:18:05.719-0700][gc,init] Concurrent Workers: 2
[2024-02-22T13:18:05.719-0700][gc,init] Concurrent Refinement Workers: 8
[2024-02-22T13:18:05.719-0700][gc,init] Periodic GC: Disabled
[2024-02-22T13:18:05.723-0700][gc,metaspace] CDS archive(s) mapped at: [0x0000007000000000-0x0000007000c74000-0x0000007000c74000), size 13058048, SharedBaseAddress: 0x0000007000000000, ArchiveRelocationMode: 1.
[2024-02-22T13:18:05.723-0700][gc,metaspace] Compressed class space mapped at: 0x0000007001000000-0x0000007041000000, reserved size: 1073741824
[2024-02-22T13:18:05.723-0700][gc,metaspace] Narrow klass base: 0x0000007000000000, Narrow klass shift: 0, Narrow klass range: 0x100000000
[2024-02-22T13:18:06.700-0700][gc,heap,exit] Heap
[2024-02-22T13:18:06.700-0700][gc,heap,exit]  garbage-first heap   total 1048576K, used 43490K [0x00000007c0000000, 0x0000000800000000)
[2024-02-22T13:18:06.700-0700][gc,heap,exit]   region size 1024K, 42 young (43008K), 0 survivors (0K)
[2024-02-22T13:18:06.700-0700][gc,heap,exit]  Metaspace       used 14869K, committed 15104K, reserved 1114112K
[2024-02-22T13:18:06.700-0700][gc,heap,exit]   class space    used 1937K, committed 2048K, reserved 1048576K
