[2024-02-22T13:18:30.607-0700][gc,init] CardTable entry size: 512
[2024-02-22T13:18:30.607-0700][gc     ] Using G1
[2024-02-22T13:18:30.609-0700][gc,init] Version: 20.0.2.1+10-FR (release)
[2024-02-22T13:18:30.609-0700][gc,init] CPUs: 8 total, 8 available
[2024-02-22T13:18:30.609-0700][gc,init] Memory: 16384M
[2024-02-22T13:18:30.609-0700][gc,init] Large Page Support: Disabled
[2024-02-22T13:18:30.609-0700][gc,init] NUMA Support: Disabled
[2024-02-22T13:18:30.609-0700][gc,init] Compressed Oops: Enabled (Zero based)
[2024-02-22T13:18:30.609-0700][gc,init] Heap Region Size: 1M
[2024-02-22T13:18:30.609-0700][gc,init] Heap Min Capacity: 1G
[2024-02-22T13:18:30.609-0700][gc,init] Heap Initial Capacity: 1G
[2024-02-22T13:18:30.609-0700][gc,init] Heap Max Capacity: 1G
[2024-02-22T13:18:30.609-0700][gc,init] Pre-touch: Disabled
[2024-02-22T13:18:30.609-0700][gc,init] Parallel Workers: 8
[2024-02-22T13:18:30.609-0700][gc,init] Concurrent Workers: 2
[2024-02-22T13:18:30.609-0700][gc,init] Concurrent Refinement Workers: 8
[2024-02-22T13:18:30.609-0700][gc,init] Periodic GC: Disabled
[2024-02-22T13:18:30.612-0700][gc,metaspace] CDS archive(s) mapped at: [0x0000007000000000-0x0000007000c74000-0x0000007000c74000), size 13058048, SharedBaseAddress: 0x0000007000000000, ArchiveRelocationMode: 1.
[2024-02-22T13:18:30.612-0700][gc,metaspace] Compressed class space mapped at: 0x0000007001000000-0x0000007041000000, reserved size: 1073741824
[2024-02-22T13:18:30.612-0700][gc,metaspace] Narrow klass base: 0x0000007000000000, Narrow klass shift: 0, Narrow klass range: 0x100000000
[2024-02-22T13:18:31.299-0700][gc,start    ] GC(0) Pause Young (Normal) (G1 Evacuation Pause)
[2024-02-22T13:18:31.299-0700][gc,task     ] GC(0) Using 8 workers of 8 for evacuation
[2024-02-22T13:18:31.302-0700][gc,phases   ] GC(0)   Pre Evacuate Collection Set: 0.1ms
[2024-02-22T13:18:31.302-0700][gc,phases   ] GC(0)   Merge Heap Roots: 0.0ms
[2024-02-22T13:18:31.302-0700][gc,phases   ] GC(0)   Evacuate Collection Set: 2.4ms
[2024-02-22T13:18:31.302-0700][gc,phases   ] GC(0)   Post Evacuate Collection Set: 0.2ms
[2024-02-22T13:18:31.302-0700][gc,phases   ] GC(0)   Other: 0.2ms
[2024-02-22T13:18:31.302-0700][gc,heap     ] GC(0) Eden regions: 51->0(44)
[2024-02-22T13:18:31.302-0700][gc,heap     ] GC(0) Survivor regions: 0->7(7)
[2024-02-22T13:18:31.302-0700][gc,heap     ] GC(0) Old regions: 0->1
[2024-02-22T13:18:31.302-0700][gc,heap     ] GC(0) Archive regions: 2->2
[2024-02-22T13:18:31.302-0700][gc,heap     ] GC(0) Humongous regions: 0->0
[2024-02-22T13:18:31.302-0700][gc,metaspace] GC(0) Metaspace: 18452K(18688K)->18452K(18688K) NonClass: 16144K(16256K)->16144K(16256K) Class: 2307K(2432K)->2307K(2432K)
[2024-02-22T13:18:31.302-0700][gc          ] GC(0) Pause Young (Normal) (G1 Evacuation Pause) 51M->8M(1024M) 3.214ms
[2024-02-22T13:18:31.302-0700][gc,cpu      ] GC(0) User=0.01s Sys=0.01s Real=0.01s
[2024-02-22T13:18:31.418-0700][gc,start    ] GC(1) Pause Young (Concurrent Start) (Metadata GC Threshold)
[2024-02-22T13:18:31.418-0700][gc,task     ] GC(1) Using 8 workers of 8 for evacuation
[2024-02-22T13:18:31.421-0700][gc,phases   ] GC(1)   Pre Evacuate Collection Set: 0.2ms
[2024-02-22T13:18:31.421-0700][gc,phases   ] GC(1)   Merge Heap Roots: 0.0ms
[2024-02-22T13:18:31.421-0700][gc,phases   ] GC(1)   Evacuate Collection Set: 2.4ms
[2024-02-22T13:18:31.421-0700][gc,phases   ] GC(1)   Post Evacuate Collection Set: 0.2ms
[2024-02-22T13:18:31.421-0700][gc,phases   ] GC(1)   Other: 0.0ms
[2024-02-22T13:18:31.421-0700][gc,heap     ] GC(1) Eden regions: 11->0(49)
[2024-02-22T13:18:31.421-0700][gc,heap     ] GC(1) Survivor regions: 7->2(7)
[2024-02-22T13:18:31.421-0700][gc,heap     ] GC(1) Old regions: 1->8
[2024-02-22T13:18:31.421-0700][gc,heap     ] GC(1) Archive regions: 2->2
[2024-02-22T13:18:31.421-0700][gc,heap     ] GC(1) Humongous regions: 0->0
[2024-02-22T13:18:31.421-0700][gc,metaspace] GC(1) Metaspace: 21334K(21504K)->21334K(21504K) NonClass: 18587K(18688K)->18587K(18688K) Class: 2747K(2816K)->2747K(2816K)
[2024-02-22T13:18:31.421-0700][gc          ] GC(1) Pause Young (Concurrent Start) (Metadata GC Threshold) 18M->9M(1024M) 3.026ms
[2024-02-22T13:18:31.421-0700][gc          ] GC(2) Concurrent Mark Cycle
[2024-02-22T13:18:31.421-0700][gc,cpu      ] GC(1) User=0.02s Sys=0.00s Real=0.01s
[2024-02-22T13:18:31.421-0700][gc,marking  ] GC(2) Concurrent Scan Root Regions
[2024-02-22T13:18:31.423-0700][gc,marking  ] GC(2) Concurrent Scan Root Regions 1.315ms
[2024-02-22T13:18:31.423-0700][gc,marking  ] GC(2) Concurrent Mark
[2024-02-22T13:18:31.423-0700][gc,marking  ] GC(2) Concurrent Mark From Roots
[2024-02-22T13:18:31.423-0700][gc,task     ] GC(2) Using 2 workers of 2 for marking
[2024-02-22T13:18:31.423-0700][gc,marking  ] GC(2) Concurrent Mark From Roots 0.455ms
[2024-02-22T13:18:31.423-0700][gc,marking  ] GC(2) Concurrent Preclean
[2024-02-22T13:18:31.423-0700][gc,marking  ] GC(2) Concurrent Preclean 0.007ms
[2024-02-22T13:18:31.423-0700][gc,start    ] GC(2) Pause Remark
[2024-02-22T13:18:31.424-0700][gc          ] GC(2) Pause Remark 10M->10M(1024M) 1.018ms
[2024-02-22T13:18:31.424-0700][gc,cpu      ] GC(2) User=0.00s Sys=0.00s Real=0.00s
[2024-02-22T13:18:31.424-0700][gc,marking  ] GC(2) Concurrent Mark 1.624ms
[2024-02-22T13:18:31.424-0700][gc,marking  ] GC(2) Concurrent Rebuild Remembered Sets and Scrub Regions
[2024-02-22T13:18:31.426-0700][gc,marking  ] GC(2) Concurrent Rebuild Remembered Sets and Scrub Regions 1.347ms
[2024-02-22T13:18:31.426-0700][gc,start    ] GC(2) Pause Cleanup
[2024-02-22T13:18:31.426-0700][gc          ] GC(2) Pause Cleanup 10M->10M(1024M) 0.106ms
[2024-02-22T13:18:31.426-0700][gc,cpu      ] GC(2) User=0.00s Sys=0.00s Real=0.00s
[2024-02-22T13:18:31.426-0700][gc,marking  ] GC(2) Concurrent Clear Claimed Marks
[2024-02-22T13:18:31.426-0700][gc,marking  ] GC(2) Concurrent Clear Claimed Marks 0.020ms
[2024-02-22T13:18:31.426-0700][gc,marking  ] GC(2) Concurrent Cleanup for Next Mark
[2024-02-22T13:18:31.427-0700][gc,marking  ] GC(2) Concurrent Cleanup for Next Mark 1.688ms
[2024-02-22T13:18:31.428-0700][gc          ] GC(2) Concurrent Mark Cycle 6.304ms
[2024-02-22T13:18:32.105-0700][gc,start    ] GC(3) Pause Young (Normal) (G1 Evacuation Pause)
[2024-02-22T13:18:32.105-0700][gc,task     ] GC(3) Using 8 workers of 8 for evacuation
[2024-02-22T13:18:32.107-0700][gc,phases   ] GC(3)   Pre Evacuate Collection Set: 0.1ms
[2024-02-22T13:18:32.107-0700][gc,phases   ] GC(3)   Merge Heap Roots: 0.1ms
[2024-02-22T13:18:32.107-0700][gc,phases   ] GC(3)   Evacuate Collection Set: 1.6ms
[2024-02-22T13:18:32.107-0700][gc,phases   ] GC(3)   Post Evacuate Collection Set: 0.2ms
[2024-02-22T13:18:32.107-0700][gc,phases   ] GC(3)   Other: 0.0ms
[2024-02-22T13:18:32.107-0700][gc,heap     ] GC(3) Eden regions: 49->0(45)
[2024-02-22T13:18:32.107-0700][gc,heap     ] GC(3) Survivor regions: 2->6(7)
[2024-02-22T13:18:32.107-0700][gc,heap     ] GC(3) Old regions: 8->8
[2024-02-22T13:18:32.107-0700][gc,heap     ] GC(3) Archive regions: 2->2
[2024-02-22T13:18:32.107-0700][gc,heap     ] GC(3) Humongous regions: 129->129
[2024-02-22T13:18:32.107-0700][gc,metaspace] GC(3) Metaspace: 30739K(31040K)->30739K(31040K) NonClass: 27015K(27200K)->27015K(27200K) Class: 3723K(3840K)->3723K(3840K)
[2024-02-22T13:18:32.107-0700][gc          ] GC(3) Pause Young (Normal) (G1 Evacuation Pause) 187M->143M(1024M) 2.159ms
[2024-02-22T13:18:32.107-0700][gc,cpu      ] GC(3) User=0.01s Sys=0.00s Real=0.00s
[2024-02-22T13:18:32.229-0700][gc,start    ] GC(4) Pause Young (Concurrent Start) (Metadata GC Threshold)
[2024-02-22T13:18:32.229-0700][gc,task     ] GC(4) Using 8 workers of 8 for evacuation
[2024-02-22T13:18:32.233-0700][gc,phases   ] GC(4)   Pre Evacuate Collection Set: 0.2ms
[2024-02-22T13:18:32.233-0700][gc,phases   ] GC(4)   Merge Heap Roots: 0.0ms
[2024-02-22T13:18:32.233-0700][gc,phases   ] GC(4)   Evacuate Collection Set: 2.6ms
[2024-02-22T13:18:32.233-0700][gc,phases   ] GC(4)   Post Evacuate Collection Set: 0.2ms
[2024-02-22T13:18:32.233-0700][gc,phases   ] GC(4)   Other: 0.1ms
[2024-02-22T13:18:32.233-0700][gc,heap     ] GC(4) Eden regions: 20->0(49)
[2024-02-22T13:18:32.233-0700][gc,heap     ] GC(4) Survivor regions: 6->2(7)
[2024-02-22T13:18:32.233-0700][gc,heap     ] GC(4) Old regions: 8->14
[2024-02-22T13:18:32.233-0700][gc,heap     ] GC(4) Archive regions: 2->2
[2024-02-22T13:18:32.233-0700][gc,heap     ] GC(4) Humongous regions: 129->129
[2024-02-22T13:18:32.233-0700][gc,metaspace] GC(4) Metaspace: 35632K(35968K)->35632K(35968K) NonClass: 31435K(31616K)->31435K(31616K) Class: 4197K(4352K)->4197K(4352K)
[2024-02-22T13:18:32.233-0700][gc          ] GC(4) Pause Young (Concurrent Start) (Metadata GC Threshold) 163M->144M(1024M) 3.206ms
[2024-02-22T13:18:32.233-0700][gc          ] GC(5) Concurrent Mark Cycle
[2024-02-22T13:18:32.233-0700][gc,cpu      ] GC(4) User=0.01s Sys=0.01s Real=0.01s
[2024-02-22T13:18:32.233-0700][gc,marking  ] GC(5) Concurrent Scan Root Regions
[2024-02-22T13:18:32.234-0700][gc,marking  ] GC(5) Concurrent Scan Root Regions 1.591ms
[2024-02-22T13:18:32.234-0700][gc,marking  ] GC(5) Concurrent Mark
[2024-02-22T13:18:32.234-0700][gc,marking  ] GC(5) Concurrent Mark From Roots
[2024-02-22T13:18:32.234-0700][gc,task     ] GC(5) Using 2 workers of 2 for marking
[2024-02-22T13:18:32.237-0700][gc,marking  ] GC(5) Concurrent Mark From Roots 2.893ms
[2024-02-22T13:18:32.237-0700][gc,marking  ] GC(5) Concurrent Preclean
[2024-02-22T13:18:32.237-0700][gc,marking  ] GC(5) Concurrent Preclean 0.048ms
[2024-02-22T13:18:32.237-0700][gc,start    ] GC(5) Pause Remark
[2024-02-22T13:18:32.239-0700][gc          ] GC(5) Pause Remark 146M->146M(1024M) 1.672ms
[2024-02-22T13:18:32.239-0700][gc,cpu      ] GC(5) User=0.01s Sys=0.00s Real=0.00s
[2024-02-22T13:18:32.239-0700][gc,marking  ] GC(5) Concurrent Mark 5.196ms
[2024-02-22T13:18:32.239-0700][gc,marking  ] GC(5) Concurrent Rebuild Remembered Sets and Scrub Regions
[2024-02-22T13:18:32.242-0700][gc,marking  ] GC(5) Concurrent Rebuild Remembered Sets and Scrub Regions 2.328ms
[2024-02-22T13:18:32.242-0700][gc,start    ] GC(5) Pause Cleanup
[2024-02-22T13:18:32.242-0700][gc          ] GC(5) Pause Cleanup 146M->146M(1024M) 0.124ms
[2024-02-22T13:18:32.242-0700][gc,cpu      ] GC(5) User=0.00s Sys=0.00s Real=0.00s
[2024-02-22T13:18:32.242-0700][gc,marking  ] GC(5) Concurrent Clear Claimed Marks
[2024-02-22T13:18:32.242-0700][gc,marking  ] GC(5) Concurrent Clear Claimed Marks 0.016ms
[2024-02-22T13:18:32.242-0700][gc,marking  ] GC(5) Concurrent Cleanup for Next Mark
[2024-02-22T13:18:32.243-0700][gc,marking  ] GC(5) Concurrent Cleanup for Next Mark 1.204ms
[2024-02-22T13:18:32.243-0700][gc          ] GC(5) Concurrent Mark Cycle 10.767ms
[2024-02-22T13:23:37.671-0700][gc,start    ] GC(6) Pause Young (Prepare Mixed) (G1 Evacuation Pause)
[2024-02-22T13:23:37.671-0700][gc,task     ] GC(6) Using 8 workers of 8 for evacuation
[2024-02-22T13:23:37.703-0700][gc,mmu      ] GC(6) MMU target violated: 21.0ms (20.0ms/21.0ms)
[2024-02-22T13:23:37.703-0700][gc,phases   ] GC(6)   Pre Evacuate Collection Set: 0.8ms
[2024-02-22T13:23:37.703-0700][gc,phases   ] GC(6)   Merge Heap Roots: 0.4ms
[2024-02-22T13:23:37.703-0700][gc,phases   ] GC(6)   Evacuate Collection Set: 27.4ms
[2024-02-22T13:23:37.703-0700][gc,phases   ] GC(6)   Post Evacuate Collection Set: 2.6ms
[2024-02-22T13:23:37.703-0700][gc,phases   ] GC(6)   Other: 0.4ms
[2024-02-22T13:23:37.703-0700][gc,heap     ] GC(6) Eden regions: 49->0(45)
[2024-02-22T13:23:37.703-0700][gc,heap     ] GC(6) Survivor regions: 2->6(7)
[2024-02-22T13:23:37.703-0700][gc,heap     ] GC(6) Old regions: 14->14
[2024-02-22T13:23:37.703-0700][gc,heap     ] GC(6) Archive regions: 2->2
[2024-02-22T13:23:37.703-0700][gc,heap     ] GC(6) Humongous regions: 147->129
[2024-02-22T13:23:37.703-0700][gc,metaspace] GC(6) Metaspace: 42237K(42880K)->42237K(42880K) NonClass: 37021K(37376K)->37021K(37376K) Class: 5215K(5504K)->5215K(5504K)
[2024-02-22T13:23:37.703-0700][gc          ] GC(6) Pause Young (Prepare Mixed) (G1 Evacuation Pause) 211M->148M(1024M) 32.619ms
[2024-02-22T13:23:37.703-0700][gc,cpu      ] GC(6) User=0.02s Sys=0.03s Real=0.03s
[2024-02-22T13:24:25.353-0700][gc,heap,exit] Heap
[2024-02-22T13:24:25.353-0700][gc,heap,exit]  garbage-first heap   total 1048576K, used 166719K [0x00000007c0000000, 0x0000000800000000)
[2024-02-22T13:24:25.353-0700][gc,heap,exit]   region size 1024K, 21 young (21504K), 6 survivors (6144K)
[2024-02-22T13:24:25.353-0700][gc,heap,exit]  Metaspace       used 42940K, committed 43584K, reserved 1114112K
[2024-02-22T13:24:25.353-0700][gc,heap,exit]   class space    used 5382K, committed 5696K, reserved 1048576K
