[2024-02-22T13:40:42.103-0700][gc,init] CardTable entry size: 512
[2024-02-22T13:40:42.103-0700][gc     ] Using G1
[2024-02-22T13:40:42.104-0700][gc,init] Version: 20.0.2.1+10-FR (release)
[2024-02-22T13:40:42.104-0700][gc,init] CPUs: 8 total, 8 available
[2024-02-22T13:40:42.104-0700][gc,init] Memory: 16384M
[2024-02-22T13:40:42.104-0700][gc,init] Large Page Support: Disabled
[2024-02-22T13:40:42.104-0700][gc,init] NUMA Support: Disabled
[2024-02-22T13:40:42.104-0700][gc,init] Compressed Oops: Enabled (Zero based)
[2024-02-22T13:40:42.104-0700][gc,init] Heap Region Size: 1M
[2024-02-22T13:40:42.104-0700][gc,init] Heap Min Capacity: 512M
[2024-02-22T13:40:42.104-0700][gc,init] Heap Initial Capacity: 512M
[2024-02-22T13:40:42.104-0700][gc,init] Heap Max Capacity: 512M
[2024-02-22T13:40:42.104-0700][gc,init] Pre-touch: Disabled
[2024-02-22T13:40:42.104-0700][gc,init] Parallel Workers: 8
[2024-02-22T13:40:42.104-0700][gc,init] Concurrent Workers: 2
[2024-02-22T13:40:42.104-0700][gc,init] Concurrent Refinement Workers: 8
[2024-02-22T13:40:42.104-0700][gc,init] Periodic GC: Disabled
[2024-02-22T13:40:42.108-0700][gc,metaspace] CDS archive(s) mapped at: [0x0000000500000000-0x0000000500c74000-0x0000000500c74000), size 13058048, SharedBaseAddress: 0x0000000500000000, ArchiveRelocationMode: 1.
[2024-02-22T13:40:42.108-0700][gc,metaspace] Compressed class space mapped at: 0x0000000501000000-0x0000000541000000, reserved size: 1073741824
[2024-02-22T13:40:42.108-0700][gc,metaspace] Narrow klass base: 0x0000000500000000, Narrow klass shift: 0, Narrow klass range: 0x100000000
[2024-02-22T13:40:42.447-0700][gc,start    ] GC(0) Pause Young (Normal) (GCLocker Initiated GC)
[2024-02-22T13:40:42.447-0700][gc,task     ] GC(0) Using 8 workers of 8 for evacuation
[2024-02-22T13:40:42.450-0700][gc,phases   ] GC(0)   Pre Evacuate Collection Set: 0.1ms
[2024-02-22T13:40:42.450-0700][gc,phases   ] GC(0)   Merge Heap Roots: 0.1ms
[2024-02-22T13:40:42.450-0700][gc,phases   ] GC(0)   Evacuate Collection Set: 2.3ms
[2024-02-22T13:40:42.450-0700][gc,phases   ] GC(0)   Post Evacuate Collection Set: 0.2ms
[2024-02-22T13:40:42.450-0700][gc,phases   ] GC(0)   Other: 0.2ms
[2024-02-22T13:40:42.450-0700][gc,heap     ] GC(0) Eden regions: 25->0(21)
[2024-02-22T13:40:42.450-0700][gc,heap     ] GC(0) Survivor regions: 0->4(4)
[2024-02-22T13:40:42.450-0700][gc,heap     ] GC(0) Old regions: 0->4
[2024-02-22T13:40:42.450-0700][gc,heap     ] GC(0) Archive regions: 2->2
[2024-02-22T13:40:42.450-0700][gc,heap     ] GC(0) Humongous regions: 0->0
[2024-02-22T13:40:42.450-0700][gc,metaspace] GC(0) Metaspace: 8194K(8384K)->8194K(8384K) NonClass: 7311K(7424K)->7311K(7424K) Class: 882K(960K)->882K(960K)
[2024-02-22T13:40:42.450-0700][gc          ] GC(0) Pause Young (Normal) (GCLocker Initiated GC) 25M->8M(512M) 3.001ms
[2024-02-22T13:40:42.450-0700][gc,cpu      ] GC(0) User=0.01s Sys=0.01s Real=0.01s
[2024-02-22T13:40:43.771-0700][gc,heap,exit] Heap
[2024-02-22T13:40:43.771-0700][gc,heap,exit]  garbage-first heap   total 524288K, used 10897K [0x00000007e0000000, 0x0000000800000000)
[2024-02-22T13:40:43.771-0700][gc,heap,exit]   region size 1024K, 6 young (6144K), 4 survivors (4096K)
[2024-02-22T13:40:43.771-0700][gc,heap,exit]  Metaspace       used 8400K, committed 8640K, reserved 1114112K
[2024-02-22T13:40:43.771-0700][gc,heap,exit]   class space    used 916K, committed 1024K, reserved 1048576K
