[2024-02-22T14:03:08.180-0700][gc,init] CardTable entry size: 512
[2024-02-22T14:03:08.180-0700][gc     ] Using G1
[2024-02-22T14:03:08.181-0700][gc,init] Version: 20.0.2.1+10-FR (release)
[2024-02-22T14:03:08.181-0700][gc,init] CPUs: 8 total, 8 available
[2024-02-22T14:03:08.181-0700][gc,init] Memory: 16384M
[2024-02-22T14:03:08.181-0700][gc,init] Large Page Support: Disabled
[2024-02-22T14:03:08.181-0700][gc,init] NUMA Support: Disabled
[2024-02-22T14:03:08.181-0700][gc,init] Compressed Oops: Enabled (Zero based)
[2024-02-22T14:03:08.181-0700][gc,init] Heap Region Size: 1M
[2024-02-22T14:03:08.181-0700][gc,init] Heap Min Capacity: 512M
[2024-02-22T14:03:08.181-0700][gc,init] Heap Initial Capacity: 512M
[2024-02-22T14:03:08.181-0700][gc,init] Heap Max Capacity: 512M
[2024-02-22T14:03:08.181-0700][gc,init] Pre-touch: Disabled
[2024-02-22T14:03:08.181-0700][gc,init] Parallel Workers: 8
[2024-02-22T14:03:08.181-0700][gc,init] Concurrent Workers: 2
[2024-02-22T14:03:08.181-0700][gc,init] Concurrent Refinement Workers: 8
[2024-02-22T14:03:08.181-0700][gc,init] Periodic GC: Disabled
[2024-02-22T14:03:08.185-0700][gc,metaspace] CDS archive(s) mapped at: [0x0000000700000000-0x0000000700c74000-0x0000000700c74000), size 13058048, SharedBaseAddress: 0x0000000700000000, ArchiveRelocationMode: 1.
[2024-02-22T14:03:08.185-0700][gc,metaspace] Compressed class space mapped at: 0x0000000701000000-0x0000000741000000, reserved size: 1073741824
[2024-02-22T14:03:08.185-0700][gc,metaspace] Narrow klass base: 0x0000000700000000, Narrow klass shift: 0, Narrow klass range: 0x100000000
[2024-02-22T14:03:08.556-0700][gc,start    ] GC(0) Pause Young (Normal) (G1 Evacuation Pause)
[2024-02-22T14:03:08.556-0700][gc,task     ] GC(0) Using 8 workers of 8 for evacuation
[2024-02-22T14:03:08.559-0700][gc,phases   ] GC(0)   Pre Evacuate Collection Set: 0.1ms
[2024-02-22T14:03:08.559-0700][gc,phases   ] GC(0)   Merge Heap Roots: 0.0ms
[2024-02-22T14:03:08.559-0700][gc,phases   ] GC(0)   Evacuate Collection Set: 2.4ms
[2024-02-22T14:03:08.559-0700][gc,phases   ] GC(0)   Post Evacuate Collection Set: 0.2ms
[2024-02-22T14:03:08.559-0700][gc,phases   ] GC(0)   Other: 0.3ms
[2024-02-22T14:03:08.559-0700][gc,heap     ] GC(0) Eden regions: 25->0(21)
[2024-02-22T14:03:08.559-0700][gc,heap     ] GC(0) Survivor regions: 0->4(4)
[2024-02-22T14:03:08.559-0700][gc,heap     ] GC(0) Old regions: 0->4
[2024-02-22T14:03:08.559-0700][gc,heap     ] GC(0) Archive regions: 2->2
[2024-02-22T14:03:08.559-0700][gc,heap     ] GC(0) Humongous regions: 0->0
[2024-02-22T14:03:08.559-0700][gc,metaspace] GC(0) Metaspace: 8255K(8448K)->8255K(8448K) NonClass: 7358K(7424K)->7358K(7424K) Class: 896K(1024K)->896K(1024K)
[2024-02-22T14:03:08.559-0700][gc          ] GC(0) Pause Young (Normal) (G1 Evacuation Pause) 25M->8M(512M) 3.146ms
[2024-02-22T14:03:08.559-0700][gc,cpu      ] GC(0) User=0.01s Sys=0.00s Real=0.00s
